---
http_interactions:
- request:
    method: post
    uri: https://mail%2Bapi%40willian.io:<MONEYBIRD_PASSWORD>@<MONEYBIRD_COMPANY>.moneybird.nl/invoices.json
    body:
      encoding: UTF-8
      string: '{"invoice":{"contact_name_search":"Company","company_name":"Company","firstname":"John","lastname":"Doe","address1":"10
        Lovely Street","address2":"Northwest","zipcode":"35005","city":"Herndon","country":"United
        States of America","details_attributes":[{"description":"Product #23 - 6369","amount":1,"created_at":"2014-10-31T12:34:16.423Z","tax_rate_id":"455130","price":"10.0"},{"description":"Product
        #24 - 9487","amount":1,"created_at":"2014-10-31T12:34:16.527Z","tax_rate_id":"455130","price":"10.0"},{"description":"Product
        #25 - 9600","amount":1,"created_at":"2014-10-31T12:34:16.610Z","tax_rate_id":"455130","price":"10.0"},{"description":"Product
        #26 - 5750","amount":1,"created_at":"2014-10-31T12:34:16.692Z","tax_rate_id":"455130","price":"10.0"},{"description":"Product
        #27 - 374","amount":1,"created_at":"2014-10-31T12:34:16.767Z","tax_rate_id":"455130","price":"10.0"}],"contact_id":null}}'
    headers:
      Content-Type:
      - application/json
      Accept-Encoding:
      - gzip;q=1.0,deflate;q=0.6,identity;q=0.3
      Accept:
      - "*/*"
      User-Agent:
      - Ruby
  response:
    status:
      code: 201
      message: Created
    headers:
      Server:
      - nginx
      Date:
      - Fri, 31 Oct 2014 12:34:18 GMT
      Content-Type:
      - application/json; charset=utf-8
      Status:
      - 201 Created
      Strict-Transport-Security:
      - max-age=31536000
      Cache-Control:
      - no-cache, no-store, must-revalidate
      Pragma:
      - no-cache
      Expires:
      - '0'
      Location:
      - https://<MONEYBIRD_COMPANY>.moneybird.nl/invoices/3726838
      X-Ratelimit-Limit:
      - '350'
      X-Ratelimit-Remaining:
      - '334'
      X-Ua-Compatible:
      - IE=Edge,chrome=1
      Set-Cookie:
      - birdflight=f87f74b11353fed886074eba2ac29f286d868781a0336de89c04e5275d754d0999a72c50a5874307a3626e50b3783e327ace114184ac4175b87c7e543b7455e8;
        domain=.moneybird.nl; path=/; secure; HttpOnly
      X-Request-Id:
      - d8d6535d10b856fb1a2c177c35757ac3
      X-Runtime:
      - '0.346654'
      X-Powered-By:
      - Phusion Passenger
      X-Content-Type-Options:
      - nosniff
      X-Frame-Options:
      - SAMEORIGIN
      Transfer-Encoding:
      - chunked
      Connection:
      - Keep-alive
    body:
      encoding: UTF-8
      string: '{"invoice":{"address1":"10 Lovely Street","address2":"Northwest","attention":null,"city":"Herndon","company_name":"Company","concept_id":261,"contact_id":2468643,"country":"United
        States of America","created_at":"2014-10-31T13:34:17+01:00","currency":"EUR","customer_id":"a619649e-e66e-41e5-a2d9-e1c64de934b6","description":"We
        verzoeken u vriendelijk het bovenstaande bedrag van {document.total_price}
        voor {document.due_date} te voldoen op onze bankrekening onder vermelding
        van het factuurnummer {document.invoice_id}. Voor vragen kunt u contact opnemen
        per e-mail.","discount":"0.0","due_date_interval":14,"exchange_rate":1,"firstname":"John","id":3726838,"invoice_date":"2014-10-31","invoice_hash":"7acef771f685f0b57724ac821d960d5e573b8fa0","invoice_id":null,"invoice_profile_id":1,"invoice_profile_version_id":null,"language":"nl","lastname":"Doe","original_estimate_id":null,"original_invoice_id":null,"po_number":null,"prices_are_incl_tax":false,"recurring_template_id":null,"send_method":"email","sent_at":null,"sent_to_endpoint":null,"sent_via_si":false,"sepa_active":false,"show_customer_id":false,"show_tax":false,"show_tax_number":false,"si_delivered_at":null,"si_delivered_at_ap":null,"state":"draft","tax_number":null,"total_price_excl_tax":"50.0","total_price_excl_tax_base":"50.0","total_price_incl_tax":"50.0","total_price_incl_tax_base":"50.0","total_price_incl_tax_correction":"0.0","updated_at":"2014-10-31T13:34:18+01:00","use_default_attachment":true,"zipcode":"35005","contact_name":"John
        Doe","days_open":0,"email":"","invoice_email":"Geachte John Doe, \n\nIn de
        bijlage kunt u factuur {document.invoice_id} voor onze diensten vinden. Wij
        verzoeken u vriendelijk de factuur voor 14-11-2014 te voldoen.\n\nMet vriendelijke
        groet,\n\nwillian.dev","invoice_email_reminder":"Geachte John Doe, \n\nIn
        de bijlage kunt u een herinnering voor factuur {document.invoice_id} vinden.
        Deze factuur is op 14-11-2014 verlopen, maar helaas hebben wij nog geen betaling
        ontvangen. Wij verzoeken u vriendelijk de factuur binnen vijf dagen te voldoen.\n\nMet
        vriendelijke groet,\n\nwillian.dev","name":"Company","pay_url":"https://<MONEYBIRD_COMPANY>.moneybird.nl/invoice/905653cb218802b03e387babf493c4a076b1393d/7acef771f685f0b57724ac821d960d5e573b8fa0/pay","revision":1414758858,"sender_address":"<strong>willian.dev</strong><br
        />\nStraatnaam 12<br />\n1234AB Plaats<br />\n<br />\n<br />\ninfo@bedrijfsnaam.nl<br
        />\n<br />\n<br />\n<span class=\"caps\">KVK</span>: 12345678<br />\n<span
        class=\"caps\">BTW</span>: NL123456789B01<br />\nBank: ","tax_components":[],"total_discount":"-0.0","total_paid":0,"total_tax":0.0,"total_unpaid":"50.0","url":"https://<MONEYBIRD_COMPANY>.moneybird.nl/invoice/905653cb218802b03e387babf493c4a076b1393d/7acef771f685f0b57724ac821d960d5e573b8fa0","details":[{"amount":"1.0","created_at":"2014-10-31T13:34:18+01:00","description":"Product
        #23 - 6369","id":12890483,"ledger_account_id":1081089,"price":"10.0","row_order":null,"tax_rate_id":455130,"updated_at":"2014-10-31T13:34:18+01:00","amount_plain":1,"tax":0,"total_price_excl_tax":"10.0","total_price_incl_tax":"10.0"},{"amount":"1.0","created_at":"2014-10-31T13:34:18+01:00","description":"Product
        #24 - 9487","id":12890485,"ledger_account_id":1081089,"price":"10.0","row_order":null,"tax_rate_id":455130,"updated_at":"2014-10-31T13:34:18+01:00","amount_plain":1,"tax":0,"total_price_excl_tax":"10.0","total_price_incl_tax":"10.0"},{"amount":"1.0","created_at":"2014-10-31T13:34:18+01:00","description":"Product
        #25 - 9600","id":12890487,"ledger_account_id":1081089,"price":"10.0","row_order":null,"tax_rate_id":455130,"updated_at":"2014-10-31T13:34:18+01:00","amount_plain":1,"tax":0,"total_price_excl_tax":"10.0","total_price_incl_tax":"10.0"},{"amount":"1.0","created_at":"2014-10-31T13:34:18+01:00","description":"Product
        #26 - 5750","id":12890488,"ledger_account_id":1081089,"price":"10.0","row_order":null,"tax_rate_id":455130,"updated_at":"2014-10-31T13:34:18+01:00","amount_plain":1,"tax":0,"total_price_excl_tax":"10.0","total_price_incl_tax":"10.0"},{"amount":"1.0","created_at":"2014-10-31T13:34:18+01:00","description":"Product
        #27 - 374","id":12890489,"ledger_account_id":1081089,"price":"10.0","row_order":null,"tax_rate_id":455130,"updated_at":"2014-10-31T13:34:18+01:00","amount_plain":1,"tax":0,"total_price_excl_tax":"10.0","total_price_incl_tax":"10.0"}],"history":[{"action":"invoice_created","created_at":"2014-10-31T13:34:18+01:00","description":null,"email":null,"id":10330553,"updated_at":"2014-10-31T13:34:18+01:00","user_id":null}],"payments":[],"attachments":[],"transactions":[]}}'
    http_version: 
  recorded_at: Fri, 31 Oct 2014 12:34:17 GMT
- request:
    method: get
    uri: https://mail%2Bapi%40willian.io:<MONEYBIRD_PASSWORD>@<MONEYBIRD_COMPANY>.moneybird.nl/invoices/3726838.json
    body:
      encoding: US-ASCII
      string: ''
    headers:
      Accept:
      - application/json
      Accept-Encoding:
      - gzip;q=1.0,deflate;q=0.6,identity;q=0.3
      User-Agent:
      - Ruby
  response:
    status:
      code: 200
      message: OK
    headers:
      Server:
      - nginx
      Date:
      - Fri, 31 Oct 2014 12:34:18 GMT
      Content-Type:
      - application/json; charset=utf-8
      Status:
      - 200 OK
      Strict-Transport-Security:
      - max-age=31536000
      Cache-Control:
      - no-cache, no-store, must-revalidate
      Pragma:
      - no-cache
      Expires:
      - '0'
      X-Ratelimit-Limit:
      - '350'
      X-Ratelimit-Remaining:
      - '333'
      X-Ua-Compatible:
      - IE=Edge,chrome=1
      Set-Cookie:
      - birdflight=bccc28463902364545efefe688fe7c5c7b98e1cf6d86309df1574e56642764959bba30358518426a377ca962c644ad53ef29f6ff654182b4633af1eafad28be9;
        domain=.moneybird.nl; path=/; secure; HttpOnly
      X-Request-Id:
      - 4669c9c8ee36d15d68b41063bf56f984
      X-Runtime:
      - '0.143509'
      X-Powered-By:
      - Phusion Passenger
      X-Content-Type-Options:
      - nosniff
      X-Frame-Options:
      - SAMEORIGIN
      Transfer-Encoding:
      - chunked
      Connection:
      - Keep-alive
    body:
      encoding: UTF-8
      string: '{"invoice":{"address1":"10 Lovely Street","address2":"Northwest","attention":null,"city":"Herndon","company_name":"Company","concept_id":261,"contact_id":2468643,"country":"United
        States of America","created_at":"2014-10-31T13:34:17+01:00","currency":"EUR","customer_id":"a619649e-e66e-41e5-a2d9-e1c64de934b6","description":"We
        verzoeken u vriendelijk het bovenstaande bedrag van {document.total_price}
        voor {document.due_date} te voldoen op onze bankrekening onder vermelding
        van het factuurnummer {document.invoice_id}. Voor vragen kunt u contact opnemen
        per e-mail.","discount":"0.0","due_date_interval":14,"exchange_rate":1,"firstname":"John","id":3726838,"invoice_date":"2014-10-31","invoice_hash":"7acef771f685f0b57724ac821d960d5e573b8fa0","invoice_id":null,"invoice_profile_id":1,"invoice_profile_version_id":null,"language":"nl","lastname":"Doe","original_estimate_id":null,"original_invoice_id":null,"po_number":null,"prices_are_incl_tax":false,"recurring_template_id":null,"send_method":"email","sent_at":null,"sent_to_endpoint":null,"sent_via_si":false,"sepa_active":false,"show_customer_id":false,"show_tax":false,"show_tax_number":false,"si_delivered_at":null,"si_delivered_at_ap":null,"state":"draft","tax_number":null,"total_price_excl_tax":"50.0","total_price_excl_tax_base":"50.0","total_price_incl_tax":"50.0","total_price_incl_tax_base":"50.0","total_price_incl_tax_correction":"0.0","updated_at":"2014-10-31T13:34:18+01:00","use_default_attachment":true,"zipcode":"35005","contact_name":"John
        Doe","days_open":0,"email":"","invoice_email":"Geachte John Doe, \n\nIn de
        bijlage kunt u factuur {document.invoice_id} voor onze diensten vinden. Wij
        verzoeken u vriendelijk de factuur voor 14-11-2014 te voldoen.\n\nMet vriendelijke
        groet,\n\nwillian.dev","invoice_email_reminder":"Geachte John Doe, \n\nIn
        de bijlage kunt u een herinnering voor factuur {document.invoice_id} vinden.
        Deze factuur is op 14-11-2014 verlopen, maar helaas hebben wij nog geen betaling
        ontvangen. Wij verzoeken u vriendelijk de factuur binnen vijf dagen te voldoen.\n\nMet
        vriendelijke groet,\n\nwillian.dev","name":"Company","pay_url":"https://<MONEYBIRD_COMPANY>.moneybird.nl/invoice/905653cb218802b03e387babf493c4a076b1393d/7acef771f685f0b57724ac821d960d5e573b8fa0/pay","revision":1414758858,"sender_address":"<strong>willian.dev</strong><br
        />\nStraatnaam 12<br />\n1234AB Plaats<br />\n<br />\n<br />\ninfo@bedrijfsnaam.nl<br
        />\n<br />\n<br />\n<span class=\"caps\">KVK</span>: 12345678<br />\n<span
        class=\"caps\">BTW</span>: NL123456789B01<br />\nBank: ","tax_components":[],"total_discount":"-0.0","total_paid":0,"total_tax":0.0,"total_unpaid":"50.0","url":"https://<MONEYBIRD_COMPANY>.moneybird.nl/invoice/905653cb218802b03e387babf493c4a076b1393d/7acef771f685f0b57724ac821d960d5e573b8fa0","details":[{"amount":"1.0","created_at":"2014-10-31T13:34:18+01:00","description":"Product
        #23 - 6369","id":12890483,"ledger_account_id":1081089,"price":"10.0","row_order":null,"tax_rate_id":455130,"updated_at":"2014-10-31T13:34:18+01:00","amount_plain":"1","tax":0,"total_price_excl_tax":"10.0","total_price_incl_tax":"10.0"},{"amount":"1.0","created_at":"2014-10-31T13:34:18+01:00","description":"Product
        #24 - 9487","id":12890485,"ledger_account_id":1081089,"price":"10.0","row_order":null,"tax_rate_id":455130,"updated_at":"2014-10-31T13:34:18+01:00","amount_plain":"1","tax":0,"total_price_excl_tax":"10.0","total_price_incl_tax":"10.0"},{"amount":"1.0","created_at":"2014-10-31T13:34:18+01:00","description":"Product
        #25 - 9600","id":12890487,"ledger_account_id":1081089,"price":"10.0","row_order":null,"tax_rate_id":455130,"updated_at":"2014-10-31T13:34:18+01:00","amount_plain":"1","tax":0,"total_price_excl_tax":"10.0","total_price_incl_tax":"10.0"},{"amount":"1.0","created_at":"2014-10-31T13:34:18+01:00","description":"Product
        #26 - 5750","id":12890488,"ledger_account_id":1081089,"price":"10.0","row_order":null,"tax_rate_id":455130,"updated_at":"2014-10-31T13:34:18+01:00","amount_plain":"1","tax":0,"total_price_excl_tax":"10.0","total_price_incl_tax":"10.0"},{"amount":"1.0","created_at":"2014-10-31T13:34:18+01:00","description":"Product
        #27 - 374","id":12890489,"ledger_account_id":1081089,"price":"10.0","row_order":null,"tax_rate_id":455130,"updated_at":"2014-10-31T13:34:18+01:00","amount_plain":"1","tax":0,"total_price_excl_tax":"10.0","total_price_incl_tax":"10.0"}],"history":[{"action":"invoice_created","created_at":"2014-10-31T13:34:18+01:00","description":null,"email":null,"id":10330553,"updated_at":"2014-10-31T13:34:18+01:00","user_id":null}],"payments":[],"attachments":[],"transactions":[]}}'
    http_version: 
  recorded_at: Fri, 31 Oct 2014 12:34:18 GMT
- request:
    method: put
    uri: https://mail%2Bapi%40willian.io:<MONEYBIRD_PASSWORD>@<MONEYBIRD_COMPANY>.moneybird.nl/invoices/3726838/send_invoice.json
    body:
      encoding: UTF-8
      string: '{"invoice":{"email":"fern@toy.com","send_method":"hand"}}'
    headers:
      Content-Type:
      - application/json
      Accept-Encoding:
      - gzip;q=1.0,deflate;q=0.6,identity;q=0.3
      Accept:
      - "*/*"
      User-Agent:
      - Ruby
  response:
    status:
      code: 200
      message: OK
    headers:
      Server:
      - nginx
      Date:
      - Fri, 31 Oct 2014 12:34:19 GMT
      Content-Type:
      - application/json; charset=utf-8
      Status:
      - 200 OK
      Strict-Transport-Security:
      - max-age=31536000
      Cache-Control:
      - no-cache, no-store, must-revalidate
      Pragma:
      - no-cache
      Expires:
      - '0'
      Location:
      - https://<MONEYBIRD_COMPANY>.moneybird.nl/invoices/3726838
      X-Ratelimit-Limit:
      - '350'
      X-Ratelimit-Remaining:
      - '332'
      X-Ua-Compatible:
      - IE=Edge,chrome=1
      Set-Cookie:
      - birdflight=4dac8a635afc21efea173a425574b5b98e83a69e8548f453ab8c8e3e155784d6958312f24ee0174196f5d02aeaaa7e946ac52d73fe2f9d0781075b7881a8907f;
        domain=.moneybird.nl; path=/; secure; HttpOnly
      X-Request-Id:
      - 0d1972c66b7b73735914f84d5e36f69f
      X-Runtime:
      - '0.327547'
      X-Powered-By:
      - Phusion Passenger
      X-Content-Type-Options:
      - nosniff
      X-Frame-Options:
      - SAMEORIGIN
      Transfer-Encoding:
      - chunked
      Connection:
      - Keep-alive
    body:
      encoding: UTF-8
      string: '{"invoice":{"address1":"10 Lovely Street","address2":"Northwest","attention":null,"city":"Herndon","company_name":"Company","concept_id":null,"contact_id":2468643,"country":"United
        States of America","created_at":"2014-10-31T13:34:17+01:00","currency":"EUR","customer_id":"a619649e-e66e-41e5-a2d9-e1c64de934b6","description":"We
        verzoeken u vriendelijk het bovenstaande bedrag van {document.total_price}
        voor {document.due_date} te voldoen op onze bankrekening onder vermelding
        van het factuurnummer {document.invoice_id}. Voor vragen kunt u contact opnemen
        per e-mail.","discount":"0.0","due_date_interval":14,"exchange_rate":"1.0","firstname":"John","id":3726838,"invoice_date":"2014-10-31","invoice_hash":"7acef771f685f0b57724ac821d960d5e573b8fa0","invoice_id":"2014-0113","invoice_profile_id":1,"invoice_profile_version_id":1,"language":"nl","lastname":"Doe","original_estimate_id":null,"original_invoice_id":null,"po_number":null,"prices_are_incl_tax":false,"recurring_template_id":null,"send_method":"hand","sent_at":"2014-10-31T13:34:19+01:00","sent_to_endpoint":null,"sent_via_si":false,"sepa_active":false,"show_customer_id":false,"show_tax":false,"show_tax_number":false,"si_delivered_at":null,"si_delivered_at_ap":null,"state":"open","tax_number":null,"total_price_excl_tax":"50.0","total_price_excl_tax_base":"50.0","total_price_incl_tax":"50.0","total_price_incl_tax_base":"50.0","total_price_incl_tax_correction":"0.0","updated_at":"2014-10-31T13:34:19+01:00","use_default_attachment":true,"zipcode":"35005","contact_name":"John
        Doe","days_open":0,"email":"fern@toy.com","invoice_email":"Geachte John Doe,
        \n\nIn de bijlage kunt u factuur 2014-0113 voor onze diensten vinden. Wij
        verzoeken u vriendelijk de factuur voor 14-11-2014 te voldoen.\n\nMet vriendelijke
        groet,\n\nwillian.dev","invoice_email_reminder":"Geachte John Doe, \n\nIn
        de bijlage kunt u een herinnering voor factuur 2014-0113 vinden. Deze factuur
        is op 14-11-2014 verlopen, maar helaas hebben wij nog geen betaling ontvangen.
        Wij verzoeken u vriendelijk de factuur binnen vijf dagen te voldoen.\n\nMet
        vriendelijke groet,\n\nwillian.dev","name":"Company","pay_url":"https://<MONEYBIRD_COMPANY>.moneybird.nl/invoice/905653cb218802b03e387babf493c4a076b1393d/7acef771f685f0b57724ac821d960d5e573b8fa0/pay","revision":1414758859,"sender_address":"<strong>willian.dev</strong><br
        />\nStraatnaam 12<br />\n1234AB Plaats<br />\n<br />\n<br />\ninfo@bedrijfsnaam.nl<br
        />\n<br />\n<br />\n<span class=\"caps\">KVK</span>: 12345678<br />\n<span
        class=\"caps\">BTW</span>: NL123456789B01<br />\nBank: ","tax_components":[],"total_discount":"-0.0","total_paid":0,"total_tax":0.0,"total_unpaid":"50.0","url":"https://<MONEYBIRD_COMPANY>.moneybird.nl/invoice/905653cb218802b03e387babf493c4a076b1393d/7acef771f685f0b57724ac821d960d5e573b8fa0","details":[{"amount":"1.0","created_at":"2014-10-31T13:34:18+01:00","description":"Product
        #23 - 6369","id":12890483,"ledger_account_id":1081089,"price":"10.0","row_order":null,"tax_rate_id":455130,"updated_at":"2014-10-31T13:34:18+01:00","amount_plain":"1","tax":0,"total_price_excl_tax":"10.0","total_price_incl_tax":"10.0"},{"amount":"1.0","created_at":"2014-10-31T13:34:18+01:00","description":"Product
        #24 - 9487","id":12890485,"ledger_account_id":1081089,"price":"10.0","row_order":null,"tax_rate_id":455130,"updated_at":"2014-10-31T13:34:18+01:00","amount_plain":"1","tax":0,"total_price_excl_tax":"10.0","total_price_incl_tax":"10.0"},{"amount":"1.0","created_at":"2014-10-31T13:34:18+01:00","description":"Product
        #25 - 9600","id":12890487,"ledger_account_id":1081089,"price":"10.0","row_order":null,"tax_rate_id":455130,"updated_at":"2014-10-31T13:34:18+01:00","amount_plain":"1","tax":0,"total_price_excl_tax":"10.0","total_price_incl_tax":"10.0"},{"amount":"1.0","created_at":"2014-10-31T13:34:18+01:00","description":"Product
        #26 - 5750","id":12890488,"ledger_account_id":1081089,"price":"10.0","row_order":null,"tax_rate_id":455130,"updated_at":"2014-10-31T13:34:18+01:00","amount_plain":"1","tax":0,"total_price_excl_tax":"10.0","total_price_incl_tax":"10.0"},{"amount":"1.0","created_at":"2014-10-31T13:34:18+01:00","description":"Product
        #27 - 374","id":12890489,"ledger_account_id":1081089,"price":"10.0","row_order":null,"tax_rate_id":455130,"updated_at":"2014-10-31T13:34:18+01:00","amount_plain":"1","tax":0,"total_price_excl_tax":"10.0","total_price_incl_tax":"10.0"}],"history":[{"action":"invoice_created","created_at":"2014-10-31T13:34:18+01:00","description":null,"email":null,"id":10330553,"updated_at":"2014-10-31T13:34:18+01:00","user_id":null},{"action":"invoice_sent_hand","created_at":"2014-10-31T13:34:19+01:00","description":"","email":"Geachte
        John Doe, \n\nIn de bijlage kunt u factuur 2014-0113 voor onze diensten vinden.
        Wij verzoeken u vriendelijk de factuur voor 14-11-2014 te voldoen.\n\nMet
        vriendelijke groet,\n\nwillian.dev","id":10330556,"updated_at":"2014-10-31T13:34:19+01:00","user_id":null}],"payments":[],"attachments":[],"transactions":[]}}'
    http_version: 
  recorded_at: Fri, 31 Oct 2014 12:34:18 GMT
recorded_with: VCR 2.9.2
